06:23:50 **** Incremental Build of configuration Debug for project inline_1 ****
make -j7 all 
arm-none-eabi-gcc "../Src/main.c" -mcpu=cortex-m4 -std=gnu11 -g3 -DDEBUG -DNUCLEO_F401RE -DSTM32 -DSTM32F401RETx -DSTM32F4 -c -I../Inc -O0 -ffunction-sections -fdata-sections -Wall -fstack-usage -fcyclomatic-complexity -MMD -MP -MF"Src/main.d" -MT"Src/main.o" --specs=nano.specs -mfpu=fpv4-sp-d16 -mfloat-abi=hard -mthumb -o "Src/main.o"
../Src/main.c:22:4: warning: #warning "FPU is not initialized, but the project is compiling for an FPU. Please initialize the FPU before use." [-Wcpp]
   22 |   #warning "FPU is not initialized, but the project is compiling for an FPU. Please initialize the FPU before use."
      |    ^~~~~~~
arm-none-eabi-gcc -o "inline_1.elf" @"objects.list"   -mcpu=cortex-m4 -T"/Users/navinprabhu/STM32CubeIDE/workspace_1.14.0/inline_1/STM32F401RETX_FLASH.ld" --specs=nosys.specs -Wl,-Map="inline_1.map" -Wl,--gc-sections -static --specs=nano.specs -mfpu=fpv4-sp-d16 -mfloat-abi=hard -mthumb -Wl,--start-group -lc -lm -Wl,--end-group
Finished building target: inline_1.elf
 
arm-none-eabi-size  inline_1.elf 
arm-none-eabi-objdump -h -S inline_1.elf  > "inline_1.list"
   text	   data	    bss	    dec	    hex	filename
    684	      8	   1568	   2260	    8d4	inline_1.elf
Finished building: default.size.stdout
 
Finished building: inline_1.list
 

06:23:51 Build Finished. 0 errors, 1 warnings. (took 789ms)

